10,,,,,,,,,,,,,2015-06-04 14:45:06.000000 +0000,,
11,99,9999,-99999999,-9999999999999999,1.2345000505447388,1.234567890123,-1234.0,1.2345678901234568E17,5678,xy,2015-06-03 15:00:00.000000 +0000,2015-06-04 03:34:56.000000 +0000,2015-06-04 14:45:06.000000 +0000,1969-12-31 23:04:02.000000 +0000,2015-06-03 16:02:03.123456 +0000
